17:11:50 **** Incremental Build of configuration Debug for project SPI_SLAVE ****
make -j8 all 
arm-none-eabi-gcc "../Src/main.c" -mcpu=cortex-m3 -std=gnu11 -g3 -DUSE_HAL_DRIVER -DSTM32F103xB -DDEBUG -c -I../Inc -I../Drivers/STM32F1xx_HAL_Driver/Inc -I../Drivers/STM32F1xx_HAL_Driver/Inc/Legacy -I../Drivers/CMSIS/Device/ST/STM32F1xx/Include -I../Drivers/CMSIS/Include -O0 -ffunction-sections -fdata-sections -Wall -fstack-usage -MMD -MP -MF"Src/main.d" -MT"Src/main.o" --specs=nano.specs -mfloat-abi=soft -mthumb -o "Src/main.o"
../Src/main.c: In function 'main':
../Src/main.c:118:32: warning: passing argument 2 of 'HAL_SPI_Receive_IT' from incompatible pointer type [-Wincompatible-pointer-types]
     HAL_SPI_Receive_IT(&hspi1, &spiRecBuf, 3);
                                ^
In file included from ../Inc/stm32f1xx_hal_conf.h:329:0,
                 from ../Drivers/STM32F1xx_HAL_Driver/Inc/stm32f1xx_hal.h:30,
                 from ../Inc/main.h:31,
                 from ../Src/main.c:21:
../Drivers/STM32F1xx_HAL_Driver/Inc/stm32f1xx_hal_spi.h:676:19: note: expected 'uint8_t * {aka unsigned char *}' but argument is of type 'uint8_t (*)[10] {aka unsigned char (*)[10]}'
 HAL_StatusTypeDef HAL_SPI_Receive_IT(SPI_HandleTypeDef *hspi, uint8_t *pData, uint16_t Size);
                   ^~~~~~~~~~~~~~~~~~
../Src/main.c:101:7: warning: variable 'test' set but not used [-Wunused-but-set-variable]
   int test;
       ^~~~
../Src/main.c:99:11: warning: unused variable 'test_CS' [-Wunused-variable]
   uint8_t test_CS;
           ^~~~~~~
arm-none-eabi-gcc -o "SPI_SLAVE.elf" @"objects.list"   -mcpu=cortex-m3 -T"C:\Sasha\STM32\SPI_Master_Slave\SPI_SLAVE\STM32F103C8TX_FLASH.ld" --specs=nosys.specs -Wl,-Map="SPI_SLAVE.map" -Wl,--gc-sections -static --specs=nano.specs -mfloat-abi=soft -mthumb -Wl,--start-group -lc -lm -Wl,--end-group
Finished building target: SPI_SLAVE.elf
 
arm-none-eabi-objdump -h -S  SPI_SLAVE.elf  > "SPI_SLAVE.list"
arm-none-eabi-objcopy  -O binary  SPI_SLAVE.elf  "SPI_SLAVE.bin"
arm-none-eabi-size   SPI_SLAVE.elf 
   text	   data	    bss	    dec	    hex	filename
   8168	     20	   1724	   9912	   26b8	SPI_SLAVE.elf
Finished building: default.size.stdout
 
Finished building: SPI_SLAVE.bin
 
Finished building: SPI_SLAVE.list
 

17:11:51 Build Finished. 0 errors, 3 warnings. (took 763ms)

